time="2025-06-20T23:59:27-04:00" level=info msg="Starting RPC price oracle service at address: rfqrpc://localhost:8095\n"
time="2025-06-21T00:07:09-04:00" level=info msg="Subject asset ID str populated: 7b4336d33b019df9438e586f83c587ca00fa65602497b93ace193e9ce53b1a67"
time="2025-06-21T00:07:09-04:00" level=info msg="Suggested asset to BTC rate not provided, querying internal system for rate"
time="2025-06-21T00:07:09-04:00" level=info msg="QueryAssetRates returning rates (subject_asset_rate=coefficient:\"42000160000\", payment_asset_rate=coefficient:\"100000000000\" scale:9)"
time="2025-06-21T00:07:09-04:00" level=info msg="Subject asset ID str populated: 7b4336d33b019df9438e586f83c587ca00fa65602497b93ace193e9ce53b1a67"
time="2025-06-21T00:07:09-04:00" level=info msg="Suggested asset to BTC rate not provided, querying internal system for rate"
time="2025-06-21T00:07:09-04:00" level=info msg="QueryAssetRates returning rates (subject_asset_rate=coefficient:\"39000220000\", payment_asset_rate=coefficient:\"100000000000\" scale:9)"
time="2025-06-21T00:07:09-04:00" level=info msg="Subject asset ID str populated: 7b4336d33b019df9438e586f83c587ca00fa65602497b93ace193e9ce53b1a67"
time="2025-06-21T00:07:09-04:00" level=info msg="Subject asset group key not set"
time="2025-06-21T00:07:09-04:00" level=info msg="Unsupported subject asset: asset_id_str:\"0000000000000000000000000000000000000000000000000000000000000001\"\n"
time="2025-06-21T00:07:09-04:00" level=info msg="Subject asset ID str populated: 7b4336d33b019df9438e586f83c587ca00fa65602497b93ace193e9ce53b1a67"
time="2025-06-21T00:07:09-04:00" level=info msg="Suggested asset to BTC rate provided, returning rate as accepted rate"
time="2025-06-21T00:07:09-04:00" level=info msg="QueryAssetRates returning rates (subject_asset_rate=coefficient:\"50000000000\", payment_asset_rate=coefficient:\"1000000000000\")"
time="2025-06-21T00:07:09-04:00" level=info msg="Subject asset ID str populated: 7b4336d33b019df9438e586f83c587ca00fa65602497b93ace193e9ce53b1a67"
time="2025-06-21T00:07:09-04:00" level=info msg="Suggested asset to BTC rate not provided, querying internal system for rate"
time="2025-06-21T00:07:09-04:00" level=info msg="QueryAssetRates returning rates (subject_asset_rate=coefficient:\"42000160000\", payment_asset_rate=coefficient:\"100000000000\" scale:9)"
time="2025-06-21T00:08:10-04:00" level=info msg="Subject asset ID str populated: 7b4336d33b019df9438e586f83c587ca00fa65602497b93ace193e9ce53b1a67"
time="2025-06-21T00:08:10-04:00" level=info msg="Suggested asset to BTC rate not provided, querying internal system for rate"
time="2025-06-21T00:08:10-04:00" level=info msg="QueryAssetRates returning rates (subject_asset_rate=coefficient:\"42000160000\", payment_asset_rate=coefficient:\"100000000000\" scale:9)"
time="2025-06-21T00:08:10-04:00" level=info msg="Subject asset ID str populated: 7b4336d33b019df9438e586f83c587ca00fa65602497b93ace193e9ce53b1a67"
time="2025-06-21T00:08:10-04:00" level=info msg="Suggested asset to BTC rate not provided, querying internal system for rate"
time="2025-06-21T00:08:10-04:00" level=info msg="QueryAssetRates returning rates (subject_asset_rate=coefficient:\"39000220000\", payment_asset_rate=coefficient:\"100000000000\" scale:9)"
time="2025-06-21T00:08:10-04:00" level=info msg="Subject asset ID str populated: 7b4336d33b019df9438e586f83c587ca00fa65602497b93ace193e9ce53b1a67"
time="2025-06-21T00:08:10-04:00" level=info msg="Subject asset group key not set"
time="2025-06-21T00:08:10-04:00" level=info msg="Unsupported subject asset: asset_id_str:\"0000000000000000000000000000000000000000000000000000000000000001\"\n"
time="2025-06-21T00:08:10-04:00" level=info msg="Subject asset ID str populated: 7b4336d33b019df9438e586f83c587ca00fa65602497b93ace193e9ce53b1a67"
time="2025-06-21T00:08:10-04:00" level=info msg="Suggested asset to BTC rate provided, returning rate as accepted rate"
time="2025-06-21T00:08:10-04:00" level=info msg="QueryAssetRates returning rates (subject_asset_rate=coefficient:\"50000000000\", payment_asset_rate=coefficient:\"1000000000000\")"
time="2025-06-21T00:08:10-04:00" level=info msg="Subject asset ID str populated: 7b4336d33b019df9438e586f83c587ca00fa65602497b93ace193e9ce53b1a67"
time="2025-06-21T00:08:10-04:00" level=info msg="Suggested asset to BTC rate not provided, querying internal system for rate"
time="2025-06-21T00:08:10-04:00" level=info msg="QueryAssetRates returning rates (subject_asset_rate=coefficient:\"42000160000\", payment_asset_rate=coefficient:\"100000000000\" scale:9)"
time="2025-06-21T00:25:17-04:00" level=info msg="Subject asset ID str populated: 7b4336d33b019df9438e586f83c587ca00fa65602497b93ace193e9ce53b1a67"
time="2025-06-21T00:25:17-04:00" level=info msg="Suggested asset to BTC rate not provided, querying internal system for rate"
time="2025-06-21T00:25:17-04:00" level=info msg="QueryAssetRates returning rates (subject_asset_rate=coefficient:\"42000160000\", payment_asset_rate=coefficient:\"100000000000\" scale:9)"
time="2025-06-21T00:25:17-04:00" level=info msg="Subject asset ID str populated: 7b4336d33b019df9438e586f83c587ca00fa65602497b93ace193e9ce53b1a67"
time="2025-06-21T00:25:17-04:00" level=info msg="Suggested asset to BTC rate not provided, querying internal system for rate"
time="2025-06-21T00:25:17-04:00" level=info msg="QueryAssetRates returning rates (subject_asset_rate=coefficient:\"39000220000\", payment_asset_rate=coefficient:\"100000000000\" scale:9)"
time="2025-06-21T00:25:17-04:00" level=info msg="Subject asset ID str populated: 7b4336d33b019df9438e586f83c587ca00fa65602497b93ace193e9ce53b1a67"
time="2025-06-21T00:25:17-04:00" level=info msg="Subject asset group key not set"
time="2025-06-21T00:25:17-04:00" level=info msg="Unsupported subject asset: asset_id_str:\"0000000000000000000000000000000000000000000000000000000000000001\"\n"
time="2025-06-21T00:25:17-04:00" level=info msg="Subject asset ID str populated: 7b4336d33b019df9438e586f83c587ca00fa65602497b93ace193e9ce53b1a67"
time="2025-06-21T00:25:17-04:00" level=info msg="Suggested asset to BTC rate provided, returning rate as accepted rate"
time="2025-06-21T00:25:17-04:00" level=info msg="QueryAssetRates returning rates (subject_asset_rate=coefficient:\"50000000000\", payment_asset_rate=coefficient:\"1000000000000\")"
time="2025-06-21T00:25:17-04:00" level=info msg="Subject asset ID str populated: 7b4336d33b019df9438e586f83c587ca00fa65602497b93ace193e9ce53b1a67"
time="2025-06-21T00:25:17-04:00" level=info msg="Suggested asset to BTC rate not provided, querying internal system for rate"
time="2025-06-21T00:25:17-04:00" level=info msg="QueryAssetRates returning rates (subject_asset_rate=coefficient:\"42000160000\", payment_asset_rate=coefficient:\"100000000000\" scale:9)"
